/home/wagner/Documentos/WagnerFull/backend/clinica-fisio/src/main/java/com/clinica/service/email/EmailService.java
/home/wagner/Documentos/WagnerFull/backend/clinica-fisio/src/main/java/com/clinica/model/FichaAvaliacao.java
/home/wagner/Documentos/WagnerFull/backend/clinica-fisio/src/main/java/com/clinica/controller/AvaliacaoBean.java
/home/wagner/Documentos/WagnerFull/backend/clinica-fisio/src/main/java/com/clinica/model/PalpacaoEnum.java
/home/wagner/Documentos/WagnerFull/backend/clinica-fisio/src/main/java/com/clinica/model/AchadosClinicosEnum.java
/home/wagner/Documentos/WagnerFull/backend/clinica-fisio/src/main/java/com/clinica/service/usuario/UsuarioService.java
/home/wagner/Documentos/WagnerFull/backend/clinica-fisio/src/main/java/com/clinica/controller/HomeBean.java
/home/wagner/Documentos/WagnerFull/backend/clinica-fisio/src/main/java/com/clinica/controller/LoginBean.java
/home/wagner/Documentos/WagnerFull/backend/clinica-fisio/src/main/java/com/clinica/model/TipoDorEnum.java
/home/wagner/Documentos/WagnerFull/backend/clinica-fisio/src/main/java/com/clinica/controller/PacienteBean.java
/home/wagner/Documentos/WagnerFull/backend/clinica-fisio/src/main/java/com/clinica/service/paciente/PacienteService.java
/home/wagner/Documentos/WagnerFull/backend/clinica-fisio/src/main/java/com/clinica/scheduler/AniversarioScheduler.java
/home/wagner/Documentos/WagnerFull/backend/clinica-fisio/src/main/java/com/clinica/model/Usuario.java
/home/wagner/Documentos/WagnerFull/backend/clinica-fisio/src/main/java/com/clinica/model/Paciente.java
/home/wagner/Documentos/WagnerFull/backend/clinica-fisio/src/main/java/com/clinica/model/TratamentoPrevioEnum.java
/home/wagner/Documentos/WagnerFull/backend/clinica-fisio/src/main/java/com/clinica/filter/AutorizacaoFilter.java
/home/wagner/Documentos/WagnerFull/backend/clinica-fisio/src/main/java/com/clinica/messaging/EmailMDB.java
/home/wagner/Documentos/WagnerFull/backend/clinica-fisio/src/main/java/com/clinica/service/avaliacao/AvaliacaoService.java
/home/wagner/Documentos/WagnerFull/backend/clinica-fisio/src/main/java/com/clinica/model/PatologiaAssociadaEnum.java
/home/wagner/Documentos/WagnerFull/backend/clinica-fisio/src/main/java/com/clinica/controller/TemplateBean.java
